Starting probe evaluation at Sun 12 Oct 2025 09:07:31 AM IDT
Running on node: n-801
Job ID: 33073
GPU info:
Sun Oct 12 09:07:31 2025       
+-----------------------------------------------------------------------------------------+
| NVIDIA-SMI 550.90.07              Driver Version: 550.90.07      CUDA Version: 12.4     |
|-----------------------------------------+------------------------+----------------------+
| GPU  Name                 Persistence-M | Bus-Id          Disp.A | Volatile Uncorr. ECC |
| Fan  Temp   Perf          Pwr:Usage/Cap |           Memory-Usage | GPU-Util  Compute M. |
|                                         |                        |               MIG M. |
|=========================================+========================+======================|
|   0  NVIDIA L40S                    Off |   00000000:25:00.0 Off |                    0 |
| N/A   53C    P0            268W /  350W |   16077MiB /  46068MiB |     97%      Default |
|                                         |                        |                  N/A |
+-----------------------------------------+------------------------+----------------------+
|   1  NVIDIA L40S                    Off |   00000000:26:00.0 Off |                    0 |
| N/A   42C    P0            159W /  350W |    8453MiB /  46068MiB |     50%      Default |
|                                         |                        |                  N/A |
+-----------------------------------------+------------------------+----------------------+
|   2  NVIDIA L40S                    Off |   00000000:45:00.0 Off |                    0 |
| N/A   34C    P8             35W /  350W |       1MiB /  46068MiB |      0%      Default |
|                                         |                        |                  N/A |
+-----------------------------------------+------------------------+----------------------+
|   3  NVIDIA L40S                    Off |   00000000:46:00.0 Off |                    0 |
| N/A   45C    P0            153W /  350W |    8453MiB /  46068MiB |     50%      Default |
|                                         |                        |                  N/A |
+-----------------------------------------+------------------------+----------------------+
|   4  NVIDIA L40S                    Off |   00000000:A5:00.0 Off |                    0 |
| N/A   25C    P8             33W /  350W |       1MiB /  46068MiB |      0%      Default |
|                                         |                        |                  N/A |
+-----------------------------------------+------------------------+----------------------+
|   5  NVIDIA L40S                    Off |   00000000:A6:00.0 Off |                    0 |
| N/A   50C    P0            250W /  350W |   18483MiB /  46068MiB |     91%      Default |
|                                         |                        |                  N/A |
+-----------------------------------------+------------------------+----------------------+
|   6  NVIDIA L40S                    Off |   00000000:C5:00.0 Off |                    0 |
| N/A   24C    P8             32W /  350W |       1MiB /  46068MiB |      0%      Default |
|                                         |                        |                  N/A |
+-----------------------------------------+------------------------+----------------------+
|   7  NVIDIA L40S                    Off |   00000000:C6:00.0 Off |                    0 |
| N/A   24C    P8             32W /  350W |       1MiB /  46068MiB |      0%      Default |
|                                         |                        |                  N/A |
+-----------------------------------------+------------------------+----------------------+
                                                                                         
+-----------------------------------------------------------------------------------------+
| Processes:                                                                              |
|  GPU   GI   CI        PID   Type   Process name                              GPU Memory |
|        ID   ID                                                               Usage      |
|=========================================================================================|
|    0   N/A  N/A   1480066      C   python                                      16070MiB |
|    1   N/A  N/A   1464871      C   python                                       8446MiB |
|    3   N/A  N/A   1454080      C   python                                       8446MiB |
|    5   N/A  N/A   4154441      C   ...b/miniconda3/envs/anytop/bin/python      18476MiB |
+-----------------------------------------------------------------------------------------+
🔍 HF_HOME set to: /home/morg/students/idoavnir/Isaac-GR00T-fork/.cache/huggingface
✅ PyTorch 2.5.1+cu124 is available
✅ NumPy 1.26.4 is available
✅ Pandas 2.3.2 is available
✅ Matplotlib 3.10.6 is available
🔍 CUDA available: True
🔍 GPU count: 1
Starting probe evaluation...
🏁 Starting probe evaluation...
============================================================
✅ Found data file: /home/morg/students/idoavnir/Isaac-GR00T-fork/separated_embeddings_data/batches_parquet/merged_batches.parquet
Using device: cuda
Feature col name: vision_last_vector
Action step: 0
📁 Saving evaluation outputs to: /home/morg/students/idoavnir/Isaac-GR00T-fork/probe/separated_embeddings/vision_last_vector/action_step_0
Loading data from /home/morg/students/idoavnir/Isaac-GR00T-fork/separated_embeddings_data/batches_parquet/merged_batches.parquet...
Using feature type: vision_last_vector
Loaded DataFrame with 60000 rows and columns: ['sample_index', 'global_index', 'text_mean_pooled', 'text_last_vector', 'vision_mean_pooled', 'vision_last_vector', 'action_right_arm']
Processing vision_last_vector and action targets...
Loaded 60000 backbone features
Loaded 60000 action targets
Sample backbone feature shape: torch.Size([2048])
Sample action target shape: torch.Size([7])
Dataset initialized with 1200 valid samples
Input dimension: 2048
Output dimension: 7
Test samples: 1200
✅ Loaded trained linear regression model from /home/morg/students/idoavnir/Isaac-GR00T-fork/probe/separated_embeddings/vision_last_vector/action_step_0/best_probe_model.pth

🔍 Evaluating model...

============================================================
PROBE EVALUATION SUMMARY
============================================================

📊 Overall Performance:
  MSE:  0.076520
  RMSE: 0.276622
  MAE:  0.205937

📏 Per-Dimension Performance:
  Dim 0: MSE=0.043186, RMSE=0.207812, MAE=0.158237, Corr=0.8883
  Dim 1: MSE=0.024170, RMSE=0.155466, MAE=0.117142, Corr=0.8803
  Dim 2: MSE=0.041222, RMSE=0.203032, MAE=0.156314, Corr=0.8843
  Dim 3: MSE=0.087219, RMSE=0.295328, MAE=0.228513, Corr=0.8691
  Dim 4: MSE=0.089001, RMSE=0.298331, MAE=0.232104, Corr=0.7783
  Dim 5: MSE=0.085192, RMSE=0.291876, MAE=0.226752, Corr=0.7255
  Dim 6: MSE=0.165648, RMSE=0.406999, MAE=0.322495, Corr=0.8095

🔗 Correlation Analysis:
  Average Correlation: 0.8336
  correlations per dimension: [0.8882964467227344, 0.8803230678882586, 0.8842703214481124, 0.8690557788587453, 0.7783409865396133, 0.725453464887203, 0.8095217763764535]

============================================================

📈 Plotting training curves...
Training curves saved to: /home/morg/students/idoavnir/Isaac-GR00T-fork/probe/separated_embeddings/vision_last_vector/action_step_0/training_curves.png

📊 Plotting predictions vs targets...
Prediction plots saved to: /home/morg/students/idoavnir/Isaac-GR00T-fork/probe/separated_embeddings/vision_last_vector/action_step_0/predictions_vs_targets.png

💾 Evaluation metrics saved to: /home/morg/students/idoavnir/Isaac-GR00T-fork/probe/separated_embeddings/vision_last_vector/action_step_0/evaluation_metrics.pkl
📈 Training curves saved to: /home/morg/students/idoavnir/Isaac-GR00T-fork/probe/separated_embeddings/vision_last_vector/action_step_0/training_curves.png
📊 Predictions plot saved to: /home/morg/students/idoavnir/Isaac-GR00T-fork/probe/separated_embeddings/vision_last_vector/action_step_0/predictions_vs_targets.png
🧾 First 100 predictions saved to: /home/morg/students/idoavnir/Isaac-GR00T-fork/probe/separated_embeddings/vision_last_vector/action_step_0/first_100_predictions.csv
📁 All evaluation outputs in: /home/morg/students/idoavnir/Isaac-GR00T-fork/probe/separated_embeddings/vision_last_vector/action_step_0
Feature col name used: vision_last_vector
Action step used: 0
🎉 Evaluation completed!
============================================================
🎉 Evaluation completed!
Probe evaluation job completed at Sun 12 Oct 2025 09:07:48 AM IDT
