/home/morg/students/idoavnir/miniconda/envs/gr00t/lib/python3.10/site-packages/requests/__init__.py:86: RequestsDependencyWarning: Unable to find acceptable character detection dependency (chardet or charset_normalizer).
  warnings.warn(
/home/morg/students/idoavnir/miniconda/envs/gr00t/lib/python3.10/site-packages/transformers/utils/hub.py:105: FutureWarning: Using `TRANSFORMERS_CACHE` is deprecated and will be removed in v5 of Transformers. Use `HF_HOME` instead.
  warnings.warn(
Traceback (most recent call last):
  File "/home/morg/students/idoavnir/miniconda/envs/gr00t/lib/python3.10/site-packages/transformers/utils/import_utils.py", line 1967, in _get_module
    return importlib.import_module("." + module_name, self.__name__)
  File "/home/morg/students/idoavnir/miniconda/envs/gr00t/lib/python3.10/importlib/__init__.py", line 126, in import_module
    return _bootstrap._gcd_import(name[level:], package, level)
  File "<frozen importlib._bootstrap>", line 1050, in _gcd_import
  File "<frozen importlib._bootstrap>", line 1027, in _find_and_load
  File "<frozen importlib._bootstrap>", line 1006, in _find_and_load_unlocked
  File "<frozen importlib._bootstrap>", line 688, in _load_unlocked
  File "<frozen importlib._bootstrap_external>", line 883, in exec_module
  File "<frozen importlib._bootstrap>", line 241, in _call_with_frames_removed
  File "/home/morg/students/idoavnir/miniconda/envs/gr00t/lib/python3.10/site-packages/transformers/generation/utils.py", line 121, in <module>
    from accelerate.hooks import AlignDevicesHook, add_hook_to_module
  File "/home/morg/students/idoavnir/miniconda/envs/gr00t/lib/python3.10/site-packages/accelerate/__init__.py", line 16, in <module>
    from .accelerator import Accelerator
  File "/home/morg/students/idoavnir/miniconda/envs/gr00t/lib/python3.10/site-packages/accelerate/accelerator.py", line 36, in <module>
    from .checkpointing import load_accelerator_state, load_custom_state, save_accelerator_state, save_custom_state
  File "/home/morg/students/idoavnir/miniconda/envs/gr00t/lib/python3.10/site-packages/accelerate/checkpointing.py", line 24, in <module>
    from .utils import (
  File "/home/morg/students/idoavnir/miniconda/envs/gr00t/lib/python3.10/site-packages/accelerate/utils/__init__.py", line 205, in <module>
    from .bnb import has_4bit_bnb_layers, load_and_quantize_model
  File "/home/morg/students/idoavnir/miniconda/envs/gr00t/lib/python3.10/site-packages/accelerate/utils/bnb.py", line 29, in <module>
    from ..big_modeling import dispatch_model, init_empty_weights
  File "/home/morg/students/idoavnir/miniconda/envs/gr00t/lib/python3.10/site-packages/accelerate/big_modeling.py", line 24, in <module>
    from .hooks import (
  File "/home/morg/students/idoavnir/miniconda/envs/gr00t/lib/python3.10/site-packages/accelerate/hooks.py", line 31, in <module>
    from .utils.other import recursive_getattr
  File "/home/morg/students/idoavnir/miniconda/envs/gr00t/lib/python3.10/site-packages/accelerate/utils/other.py", line 229, in <module>
    TORCH_SAFE_GLOBALS.append(np.dtypes.UInt32DType)
  File "/home/morg/students/idoavnir/miniconda/envs/gr00t/lib/python3.10/site-packages/numpy/__init__.py", line 320, in __getattr__
    raise AttributeError("module {!r} has no attribute "
AttributeError: module 'numpy' has no attribute 'dtypes'. Did you mean: 'dtype'?

The above exception was the direct cause of the following exception:

Traceback (most recent call last):
  File "/home/morg/students/idoavnir/miniconda/envs/gr00t/lib/python3.10/site-packages/transformers/utils/import_utils.py", line 1967, in _get_module
    return importlib.import_module("." + module_name, self.__name__)
  File "/home/morg/students/idoavnir/miniconda/envs/gr00t/lib/python3.10/importlib/__init__.py", line 126, in import_module
    return _bootstrap._gcd_import(name[level:], package, level)
  File "<frozen importlib._bootstrap>", line 1050, in _gcd_import
  File "<frozen importlib._bootstrap>", line 1027, in _find_and_load
  File "<frozen importlib._bootstrap>", line 1006, in _find_and_load_unlocked
  File "<frozen importlib._bootstrap>", line 688, in _load_unlocked
  File "<frozen importlib._bootstrap_external>", line 883, in exec_module
  File "<frozen importlib._bootstrap>", line 241, in _call_with_frames_removed
  File "/home/morg/students/idoavnir/miniconda/envs/gr00t/lib/python3.10/site-packages/transformers/models/auto/modeling_auto.py", line 21, in <module>
    from .auto_factory import (
  File "/home/morg/students/idoavnir/miniconda/envs/gr00t/lib/python3.10/site-packages/transformers/models/auto/auto_factory.py", line 40, in <module>
    from ...generation import GenerationMixin
  File "<frozen importlib._bootstrap>", line 1075, in _handle_fromlist
  File "/home/morg/students/idoavnir/miniconda/envs/gr00t/lib/python3.10/site-packages/transformers/utils/import_utils.py", line 1955, in __getattr__
    module = self._get_module(self._class_to_module[name])
  File "/home/morg/students/idoavnir/miniconda/envs/gr00t/lib/python3.10/site-packages/transformers/utils/import_utils.py", line 1969, in _get_module
    raise RuntimeError(
RuntimeError: Failed to import transformers.generation.utils because of the following error (look up to see its traceback):
module 'numpy' has no attribute 'dtypes'

The above exception was the direct cause of the following exception:

Traceback (most recent call last):
  File "/home/morg/students/idoavnir/Isaac-GR00T-fork/data_extraction/action_wrong_task_different_vlm_layers/action_wrong_task_vlm_layers_extractor.py", line 3, in <module>
    from data_extraction.utils.batches import extract_batches, merge_batches
  File "/home/morg/students/idoavnir/Isaac-GR00T-fork/data_extraction/utils/batches.py", line 8, in <module>
    from gr00t.model.policy import Gr00tPolicy
  File "/home/morg/students/idoavnir/Isaac-GR00T-fork/gr00t/model/__init__.py", line 16, in <module>
    from .gr00t_n1 import GR00T_N1_5
  File "/home/morg/students/idoavnir/Isaac-GR00T-fork/gr00t/model/gr00t_n1.py", line 24, in <module>
    from transformers import AutoConfig, AutoModel, PretrainedConfig, PreTrainedModel
  File "<frozen importlib._bootstrap>", line 1075, in _handle_fromlist
  File "/home/morg/students/idoavnir/miniconda/envs/gr00t/lib/python3.10/site-packages/transformers/utils/import_utils.py", line 1956, in __getattr__
    value = getattr(module, name)
  File "/home/morg/students/idoavnir/miniconda/envs/gr00t/lib/python3.10/site-packages/transformers/utils/import_utils.py", line 1955, in __getattr__
    module = self._get_module(self._class_to_module[name])
  File "/home/morg/students/idoavnir/miniconda/envs/gr00t/lib/python3.10/site-packages/transformers/utils/import_utils.py", line 1969, in _get_module
    raise RuntimeError(
RuntimeError: Failed to import transformers.models.auto.modeling_auto because of the following error (look up to see its traceback):
Failed to import transformers.generation.utils because of the following error (look up to see its traceback):
module 'numpy' has no attribute 'dtypes'
